F/DEBUG   ( 6233):     #11 pc 0008b581  /vendor/lib/hw/camera.msm8953.so (qcamera::QCameraStateMachine::procEvtPreviewStoppedState(qcamera::qcamera_sm_evt_enum_t, void*)+1604)
F/DEBUG   ( 6233):     #12 pc 0008aab7  /vendor/lib/hw/camera.msm8953.so (qcamera::QCameraStateMachine::smEvtProcRoutine(void*)+158)
I/chatty  (  772): uid=1006(camera) mm-qcamera-daem expire 48 lines
I/chatty  (  772): uid=1006(camera) mm-qcamera-daem expire 2 lines
I/chatty  (  772): uid=1006(camera) mm-qcamera-daem expire 2 lines
I/chatty  (  772): uid=1006(camera) mm-qcamera-daem expire 4 lines
I/chatty  (  772): uid=1006(camera) mm-qcamera-daem expire 2 lines
I/chatty  (  772): uid=1006(camera) mm-qcamera-daem expire 2 lines
I/chatty  (  772): uid=1006(camera) mm-qcamera-daem expire 2 lines
D/vndksupport( 6247): Loading /vendor/lib/hw/camera.msm8953.so from current namespace instead of sphal namespace.
E/QCamera ( 6247): <MCI><ERROR> get_num_of_cameras: 1934: dev_info[id=0,name='video1']
I/QCamera ( 6247): <MCI><INFO> sort_camera_info: 1691: YUV Aux camera exposed 0
I/QCamera ( 6247): <MCI><INFO> sort_camera_info: 1768: Camera id: 0 facing: 1, type: 0 is_yuv: 0
I/QCamera ( 6247): <MCI><INFO> sort_camera_info: 1771: Number of cameras 1 sorted 1
E/QCamera ( 6247): <MCI><ERROR> get_num_of_cameras: 1952: num_cameras=1
I/CamProvider@2.4-impl( 6247): Loaded "QCamera Module" camera module
I/QCamera ( 6247): <HAL><INFO> getCameraInfo: 340: Camera id 0 API version 768
I/chatty  (  772): uid=1006(camera) mm-qcamera-daem expire 2 lines
I/chatty  (  772): uid=1006(camera) mm-qcamera-daem expire 6 lines
I/chatty  (  772): uid=1006(camera) mm-qcamera-daem expire 12 lines
I/chatty  (  772): uid=1006(camera) mm-qcamera-daem expire 12 lines
I/chatty  (  772): uid=1006(camera) mm-qcamera-daem expire 9 lines
I/chatty  (  772): uid=1006(camera) mm-qcamera-daem expire 8 lines
I/chatty  (  772): uid=1006(camera) mm-qcamera-daem expire 4 lines
I/chatty  (  772): uid=1006(camera) mm-qcamera-daem expire 3 lines
I/chatty  (  772): uid=1006(camera) mm-qcamera-daem expire 42 lines
I/chatty  (  772): uid=1006(camera) mm-qcamera-daem expire 2 lines
I/chatty  (  772): uid=1006(camera) mm-qcamera-daem expire 11 lines
I/chatty  (  772): uid=1006(camera) mm-qcamera-daem expire 9 lines
I/chatty  (  772): uid=1006(camera) mm-qcamera-daem expire 1 line
I/chatty  (  772): uid=1006(camera) mm-qcamera-daem expire 2 lines
I/chatty  (  772): uid=1006(camera) mm-qcamera-daem expire 2 lines
I/chatty  (  772): uid=1006(camera) mm-qcamera-daem expire 1 line
I/chatty  (  772): uid=1006(camera) mm-qcamera-daem expire 2 lines
I/chatty  (  772): uid=1006(camera) mm-qcamera-daem expire 1 line
I/chatty  (  772): uid=1006(camera) mm-qcamera-daem expire 2 lines
I/chatty  (  772): uid=1006(camera) mm-qcamera-daem expire 2 lines
I/chatty  (  772): uid=1006(camera) mm-qcamera-daem expire 3 lines
I/chatty  (  772): uid=1006(camera) mm-qcamera-daem expire 1 line
I/chatty  (  772): uid=1006(camera) mm-qcamera-daem expire 1 line
I/chatty  (  772): uid=1006(camera) mm-qcamera-daem expire 140 lines
I/QCamera ( 6247): <HAL><INFO> getCamInfo: 8811: camera 0 resource cost is 100
I/QCamera ( 6247): <HAL><INFO> openLegacy: 500: openLegacy halVersion: 256
I/QCamera ( 6247): <HAL><INFO> openCamera: 1827: [KPI Perf]: E PROFILE_OPEN_CAMERA camera id 0
I/chatty  (  772): uid=1006(camera) mm-qcamera-daem expire 6 lines
I/chatty  (  772): uid=1006(camera) mm-qcamera-daem expire 6 lines
I/chatty  (  772): uid=1006(camera) mm-qcamera-daem expire 12 lines
I/chatty  (  772): uid=1006(camera) mm-qcamera-daem expire 15 lines
I/chatty  (  772): uid=1006(camera) mm-qcamera-daem expire 9 lines
I/chatty  (  772): uid=1006(camera) mm-qcamera-daem expire 8 lines
I/QCamera ( 6247): <HAL><INFO> openCamera: 1840: [KPI Perf]: X PROFILE_OPEN_CAMERA camera id 0, rc: 0
I/QCamera ( 6247): <HAL><INFO> close_camera_device: 1495: [KPI Perf]: E camera id 0
I/chatty  (  772): uid=1006(camera) mm-qcamera-daem expire 10 lines
I/QCamera ( 6247): <HAL><INFO> closeCamera: 2226: E
I/QCamera ( 6247): <HAL><INFO> closeCamera: 2231: [KPI Perf]: E PROFILE_CLOSE_CAMERA camera id 0
I/chatty  (  772): uid=1006(camera) mm-qcamera-daem expire 2 lines
I/chatty  (  772): uid=1006(camera) mm-qcamera-daem expire 2 lines
I/chatty  (  772): uid=1006(camera) mm-qcamera-daem expire 2 lines
I/chatty  (  772): uid=1006(camera) mm-qcamera-daem expire 4 lines
I/chatty  (  772): uid=1006(camera) mm-qcamera-daem expire 2 lines
I/chatty  (  772): uid=1006(camera) mm-qcamera-daem expire 2 lines
I/chatty  (  772): uid=1006(camera) mm-qcamera-daem expire 2 lines
I/QCamera ( 6247): <HAL><INFO> closeCamera: 2302: [KPI Perf]: X PROFILE_CLOSE_CAMERA camera id 0, rc: 0
I/QCamera ( 6247): <HAL><INFO> close_camera_device: 1497: [KPI Perf]: X
I/QCamera ( 6247): <HAL><INFO> openLegacy: 500: openLegacy halVersion: 256
I/QCamera ( 6247): <HAL><INFO> openCamera: 1827: [KPI Perf]: E PROFILE_OPEN_CAMERA camera id 0
I/chatty  (  772): uid=1006(camera) mm-qcamera-daem expire 6 lines
I/chatty  (  772): uid=1006(camera) mm-qcamera-daem expire 6 lines
I/chatty  (  772): uid=1006(camera) mm-qcamera-daem expire 12 lines
I/chatty  (  772): uid=1006(camera) mm-qcamera-daem expire 15 lines
I/chatty  (  772): uid=1006(camera) mm-qcamera-daem expire 9 lines
I/chatty  (  772): uid=1006(camera) mm-qcamera-daem expire 8 lines
I/chatty  (  772): uid=1006(camera) mm-qcamera-daem identical 3 lines
I/QCamera ( 6247): <HAL><INFO> openCamera: 1840: [KPI Perf]: X PROFILE_OPEN_CAMERA camera id 0, rc: 0
I/CamDev@1.0-impl( 6247): could not cast ICameraDeviceCallback to IQCameraDeviceCallback
I/QCamera ( 6247): <HAL><INFO> close_camera_device: 1495: [KPI Perf]: E camera id 0
I/QCamera ( 6247): <HAL><INFO> closeCamera: 2226: E
I/QCamera ( 6247): <HAL><INFO> closeCamera: 2231: [KPI Perf]: E PROFILE_CLOSE_CAMERA camera id 0
W/ActivityManager( 1160): Activity pause timeout for ActivityRecord{e4bba20 u0 org.codeaurora.snapcam/com.android.camera.CameraLauncher t24 f}
I/QCamera ( 6247): <HAL><INFO> closeCamera: 2302: [KPI Perf]: X PROFILE_CLOSE_CAMERA camera id 0, rc: 0
I/QCamera ( 6247): <HAL><INFO> close_camera_device: 1497: [KPI Perf]: X
W/ActivityManager( 1160):   Force finishing activity org.codeaurora.snapcam/com.android.camera.CameraLauncher
I/ActivityManager( 1160): Killing 5890:org.codeaurora.snapcam/u0a23 (adj 0): crash
